src/actions/receipt-actions.ts(119,31): error TS2367: This comparison appears to be unintentional because the types 'CDCDepositStatus' and '"awaiting_payment"' have no overlap.
src/actions/receipt-actions.ts(123,25): error TS2322: Type '"payment_initiated"' is not assignable to type 'CDCDepositStatus | EnumCDCDepositStatusFieldUpdateOperationsInput | undefined'.
src/actions/receipts.ts(74,17): error TS2353: Object literal may only specify known properties, and 'receiptType' does not exist in type 'Without<ReceiptCreateInput, ReceiptUncheckedCreateInput> & ReceiptUncheckedCreateInput'.
src/actions/users.ts(50,13): error TS2353: Object literal may only specify known properties, and 'entityType' does not exist in type 'Without<AuditLogCreateInput, AuditLogUncheckedCreateInput> & AuditLogUncheckedCreateInput'.
src/app/admin/users/page.tsx(43,51): error TS2339: Property 'name' does not exist on type '{ id: string; phone: string; role: Role; status: string; fullName: string | null; email: string | null; kycLevel: number; kycStatus: string; createdAt: Date; }'.
src/app/admin/users/page.tsx(46,102): error TS2339: Property 'name' does not exist on type '{ id: string; phone: string; role: Role; status: string; fullName: string | null; email: string | null; kycLevel: number; kycStatus: string; createdAt: Date; }'.
src/app/admin/users/page.tsx(61,43): error TS2339: Property 'isCertified' does not exist on type '{ id: string; phone: string; role: Role; status: string; fullName: string | null; email: string | null; kycLevel: number; kycStatus: string; createdAt: Date; }'.
src/app/admin/validation/page.tsx(33,108): error TS2339: Property 'companyName' does not exist on type '{ id: string; role: Role; fullName: string | null; email: string | null; kycStatus: string; createdAt: Date; legalEntity: { companyName: string; } | null; }'.
src/app/admin/validation/page.tsx(33,128): error TS2339: Property 'name' does not exist on type '{ id: string; role: Role; fullName: string | null; email: string | null; kycStatus: string; createdAt: Date; legalEntity: { companyName: string; } | null; }'.
src/app/admin/validation/page.tsx(39,109): error TS2339: Property 'name' does not exist on type '{ id: string; role: Role; fullName: string | null; email: string | null; kycStatus: string; createdAt: Date; legalEntity: { companyName: string; } | null; }'.
src/app/api/debug/tokens/route.ts(11,37): error TS2339: Property 'verificationToken' does not exist on type 'PrismaClient<PrismaClientOptions, never, DefaultArgs>'.
src/app/api/debug/tokens/route.ts(17,32): error TS7006: Parameter 't' implicitly has an 'any' type.
src/app/api/institutions/route.ts(37,23): error TS2353: Object literal may only specify known properties, and 'amountPaid' does not exist in type 'ReceiptSelect<DefaultArgs>'.
src/app/api/seed-ussd/route.ts(9,17): error TS2353: Object literal may only specify known properties, and 'name' does not exist in type '(Without<UserCreateInput, UserUncheckedCreateInput> & UserUncheckedCreateInput) | (Without<...> & UserCreateInput)'.
src/app/api/seed-ussd/route.ts(18,17): error TS2353: Object literal may only specify known properties, and 'name' does not exist in type '(Without<UserCreateInput, UserUncheckedCreateInput> & UserUncheckedCreateInput) | (Without<...> & UserCreateInput)'.
src/app/api/seed-ussd/route.ts(27,17): error TS2353: Object literal may only specify known properties, and 'country' does not exist in type '(Without<PropertyCreateInput, PropertyUncheckedCreateInput> & PropertyUncheckedCreateInput) | (Without<...> & PropertyCreateInput)'.
src/app/api/seed-ussd/route.ts(33,13): error TS2322: Type '{ propertyId: string; tenantId: string; startDate: Date; rentAmount: number; status: "ACTIVE"; }' is not assignable to type '(Without<LeaseCreateInput, LeaseUncheckedCreateInput> & LeaseUncheckedCreateInput) | (Without<...> & LeaseCreateInput)'.
  Type '{ propertyId: string; tenantId: string; startDate: Date; rentAmount: number; status: "ACTIVE"; }' is not assignable to type 'Without<LeaseCreateInput, LeaseUncheckedCreateInput> & LeaseUncheckedCreateInput'.
    Type '{ propertyId: string; tenantId: string; startDate: Date; rentAmount: number; status: "ACTIVE"; }' is missing the following properties from type 'LeaseUncheckedCreateInput': leaseReference, landlordId, durationMonths
src/app/api/seed-ussd/route.ts(45,17): error TS2353: Object literal may only specify known properties, and 'receiptNumber' does not exist in type 'Without<ReceiptCreateInput, ReceiptUncheckedCreateInput> & ReceiptUncheckedCreateInput'.
src/app/api/v1/properties/route.ts(61,17): error TS2322: Type 'bigint' is not assignable to type 'string | number | Decimal | DecimalJsLike | null | undefined'.
src/app/api/webhooks/maposte/route.ts(48,81): error TS2339: Property 'phoneNumber' does not exist on type '{ id: string; phone: string; role: Role; status: string; fullName: string | null; email: string | null; kycLevel: number; kycStatus: string; password: string | null; isCertified: boolean; ... 6 more ...; updatedAt: Date; }'.
src/app/dashboard/leases/[id]/signature/page.tsx(24,31): error TS2322: Type '{ lease: any; userId: string; }' is not assignable to type 'IntrinsicAttributes & { leaseId: string; leaseRef: string; }'.
  Property 'lease' does not exist on type 'IntrinsicAttributes & { leaseId: string; leaseRef: string; }'. Did you mean 'leaseId'?
src/app/dashboard/leases/new/page.tsx(45,46): error TS2345: Argument of type '{ propertyId: string; tenantPhone: string; startDate: Date; monthlyRentFcfa: number; chargesFcfa: number; securityDepositFcfa: number; rentAdvanceFcfa: number; agencyFeeFcfa: number; }' is not assignable to parameter of type '{ propertyId: string; leaseType: "commercial" | "residential"; tenantPhone?: string | undefined; tenantEntityId?: string | undefined; startDate: Date; rentAmount: number; chargesAmount?: number | undefined; depositAmount?: number | undefined; durationMonths: number; commercialData?: { ...; } | undefined; }'.
  Type '{ propertyId: string; tenantPhone: string; startDate: Date; monthlyRentFcfa: number; chargesFcfa: number; securityDepositFcfa: number; rentAdvanceFcfa: number; agencyFeeFcfa: number; }' is missing the following properties from type '{ propertyId: string; leaseType: "commercial" | "residential"; tenantPhone?: string | undefined; tenantEntityId?: string | undefined; startDate: Date; rentAmount: number; chargesAmount?: number | undefined; depositAmount?: number | undefined; durationMonths: number; commercialData?: { ...; } | undefined; }': leaseType, rentAmount, durationMonths
src/app/dashboard/mandates/page.tsx(44,129): error TS2339: Property 'neighborhood' does not exist on type '{ id: string; status: string; name: string | null; createdAt: Date; updatedAt: Date; verifiedAt: Date | null; verifiedByUserId: string | null; propertyCode: string; ownerUserId: string; ... 14 more ...; managedByUserId: string | null; }'.
src/app/dashboard/mandates/page.tsx(47,109): error TS2339: Property 'name' does not exist on type '{ role: Role; fullName: string | null; email: string | null; }'.
src/app/dashboard/mandates/page.tsx(52,57): error TS2339: Property 'type' does not exist on type '{ property: { id: string; status: string; name: string | null; createdAt: Date; updatedAt: Date; verifiedAt: Date | null; verifiedByUserId: string | null; propertyCode: string; ... 15 more ...; managedByUserId: string | null; }; agent: { ...; }; } & { ...; }'.
src/app/dashboard/mandates/page.tsx(56,58): error TS2339: Property 'type' does not exist on type '{ property: { id: string; status: string; name: string | null; createdAt: Date; updatedAt: Date; verifiedAt: Date | null; verifiedByUserId: string | null; propertyCode: string; ... 15 more ...; managedByUserId: string | null; }; agent: { ...; }; } & { ...; }'.
src/app/dashboard/page.tsx(44,64): error TS2339: Property 'reliabilityScore' does not exist on type '{ id: string; phone: string; role: Role; status: string; fullName: string | null; email: string | null; kycLevel: number; kycStatus: string; password: string | null; isCertified: boolean; ... 6 more ...; updatedAt: Date; }'.
src/app/dashboard/properties/[id]/passport/page.tsx(46,74): error TS2322: Type 'string | Decimal' is not assignable to type 'ReactNode'.
  Type 'Decimal' is not assignable to type 'ReactNode'.
src/app/dashboard/properties/[id]/passport/page.tsx(55,48): error TS2322: Type 'string | Decimal' is not assignable to type 'ReactNode'.
  Type 'Decimal' is not assignable to type 'ReactNode'.
src/app/dashboard/properties/[id]/passport/page.tsx(56,48): error TS2322: Type 'string | Decimal' is not assignable to type 'ReactNode'.
  Type 'Decimal' is not assignable to type 'ReactNode'.
src/app/dashboard/properties/[id]/passport/page.tsx(123,75): error TS2339: Property 'id' does not exist on type 'never'.
src/app/dashboard/properties/[id]/passport/page.tsx(124,73): error TS2339: Property 'type' does not exist on type 'never'.
src/app/dashboard/properties/[id]/passport/page.tsx(124,86): error TS2339: Property 'severity' does not exist on type 'never'.
src/app/dashboard/properties/new/page.tsx(29,51): error TS2345: Argument of type '{ category: "RESIDENTIAL" | "COMMERCIAL"; addressLine1: string; commune: string; declaredRentFcfa: number; propertyType: string; totalRooms: number | undefined; usefulAreaSqm: number | undefined; }' is not assignable to parameter of type '{ leaseType: "commercial" | "residential"; address: string; commune: string; declaredRentFcfa: number; propertyType: string; rooms?: number | undefined; areaSqm?: number | undefined; }'.
  Type '{ category: "RESIDENTIAL" | "COMMERCIAL"; addressLine1: string; commune: string; declaredRentFcfa: number; propertyType: string; totalRooms: number | undefined; usefulAreaSqm: number | undefined; }' is missing the following properties from type '{ leaseType: "commercial" | "residential"; address: string; commune: string; declaredRentFcfa: number; propertyType: string; rooms?: number | undefined; areaSqm?: number | undefined; }': leaseType, address
